
*** Running vivado
    with args -log design_1_wrapper.vdi -applog -m64 -product Vivado -messageDb vivado.pb -mode batch -source design_1_wrapper.tcl -notrace


****** Vivado v2025.2 (64-bit)
  **** SW Build 6299465 on Fri Nov 14 12:34:56 MST 2025
  **** IP Build 6300035 on Fri Nov 14 10:48:45 MST 2025
  **** SharedData Build 6298862 on Thu Nov 13 04:50:51 MST 2025
  **** Start of session at: Thu Aug 13 11:58:01 2026
    ** Copyright 1986-2022 Xilinx, Inc. All Rights Reserved.
    ** Copyright 2022-2025 Advanced Micro Devices, Inc. All Rights Reserved.

WARNING: [Runs 36-547] User Strategy 'Vivado Implementation Defaults' from file '/home/kokunev/.Xilinx/Vivado/2025.2/strategies/Vivado Implementation Defaults.Vivado Implementation 2025.psg' discarded because strategy with same name already parsed from '/opt/Xilinx_2/2025.2/Vivado/strategies/VDI2025.psg'
WARNING: [Runs 36-547] User Strategy 'Vivado Implementation Defaults' from file '/home/kokunev/.Xilinx/Vivado/2025.2/strategies/Vivado Implementation Defaults_2.Vivado Implementation 2025.psg' discarded because strategy with same name already parsed from '/opt/Xilinx_2/2025.2/Vivado/strategies/VDI2025.psg'
source design_1_wrapper.tcl -notrace
INFO: [IP_Flow 19-234] Refreshing IP repositories
INFO: [IP_Flow 19-1704] No user IP repositories specified
INFO: [IP_Flow 19-2313] Loaded Vivado IP repository '/opt/Xilinx_2/2025.2/data/ip'.
Command: link_design -top design_1_wrapper -part xc7a200tfbg484-2
Design is defaulting to srcset: sources_1
Design is defaulting to constrset: constrs_1
INFO: [Device 21-403] Loading part xc7a200tfbg484-2
Netlist sorting complete. Time (s): cpu = 00:00:00.19 ; elapsed = 00:00:00.19 . Memory (MB): peak = 1878.160 ; gain = 0.000 ; free physical = 26368 ; free virtual = 53942
INFO: [Netlist 29-17] Analyzing 1270 Unisim elements for replacement
INFO: [Netlist 29-28] Unisim Transformation completed in 0 CPU seconds
WARNING: [Netlist 29-1115] Found multi-term driver net: design_1_i/util_ds_buf/U0/<const0>.
INFO: [Project 1-479] Netlist was created with Vivado 2025.2
INFO: [Project 1-570] Preparing netlist for logic optimization
Parsing XDC File [/home/kokunev/data/git_root/alinx/alinx_pcie_debug/alinx_pcie_axi_1/alinx_pcie_axi_1.gen/sources_1/bd/design_1/ip/design_1_xdma_0_0/ip_4/pcie2_fifo_generator_tgt_brdg.xdc] for cell 'design_1_i/xdma_0/inst/design_1_xdma_0_0_pcie2_to_pcie3_wrapper_i/design_1_xdma_0_0_axi_stream_intf_i/design_1_xdma_0_0_rx_demux_i/tgt_brdg_fifo_inst/U0'
Finished Parsing XDC File [/home/kokunev/data/git_root/alinx/alinx_pcie_debug/alinx_pcie_axi_1/alinx_pcie_axi_1.gen/sources_1/bd/design_1/ip/design_1_xdma_0_0/ip_4/pcie2_fifo_generator_tgt_brdg.xdc] for cell 'design_1_i/xdma_0/inst/design_1_xdma_0_0_pcie2_to_pcie3_wrapper_i/design_1_xdma_0_0_axi_stream_intf_i/design_1_xdma_0_0_rx_demux_i/tgt_brdg_fifo_inst/U0'
Parsing XDC File [/home/kokunev/data/git_root/alinx/alinx_pcie_debug/alinx_pcie_axi_1/alinx_pcie_axi_1.gen/sources_1/bd/design_1/ip/design_1_xdma_0_0/ip_3/pcie2_fifo_generator_dma_cpl.xdc] for cell 'design_1_i/xdma_0/inst/design_1_xdma_0_0_pcie2_to_pcie3_wrapper_i/design_1_xdma_0_0_axi_stream_intf_i/design_1_xdma_0_0_rx_demux_i/dma_cpl_fifo_inst/U0'
Finished Parsing XDC File [/home/kokunev/data/git_root/alinx/alinx_pcie_debug/alinx_pcie_axi_1/alinx_pcie_axi_1.gen/sources_1/bd/design_1/ip/design_1_xdma_0_0/ip_3/pcie2_fifo_generator_dma_cpl.xdc] for cell 'design_1_i/xdma_0/inst/design_1_xdma_0_0_pcie2_to_pcie3_wrapper_i/design_1_xdma_0_0_axi_stream_intf_i/design_1_xdma_0_0_rx_demux_i/dma_cpl_fifo_inst/U0'
Parsing XDC File [/home/kokunev/data/git_root/alinx/alinx_pcie_debug/alinx_pcie_axi_1/alinx_pcie_axi_1.gen/sources_1/bd/design_1/ip/design_1_xdma_0_0/ip_0/source/design_1_xdma_0_0_pcie2_ip-PCIE_X0Y0.xdc] for cell 'design_1_i/xdma_0/inst/design_1_xdma_0_0_pcie2_to_pcie3_wrapper_i/pcie2_ip_i/inst'
INFO: [Timing 38-35] Done setting XDC timing constraints. [/home/kokunev/data/git_root/alinx/alinx_pcie_debug/alinx_pcie_axi_1/alinx_pcie_axi_1.gen/sources_1/bd/design_1/ip/design_1_xdma_0_0/ip_0/source/design_1_xdma_0_0_pcie2_ip-PCIE_X0Y0.xdc:135]
INFO: [Timing 38-2] Deriving generated clocks [/home/kokunev/data/git_root/alinx/alinx_pcie_debug/alinx_pcie_axi_1/alinx_pcie_axi_1.gen/sources_1/bd/design_1/ip/design_1_xdma_0_0/ip_0/source/design_1_xdma_0_0_pcie2_ip-PCIE_X0Y0.xdc:135]
Finished Parsing XDC File [/home/kokunev/data/git_root/alinx/alinx_pcie_debug/alinx_pcie_axi_1/alinx_pcie_axi_1.gen/sources_1/bd/design_1/ip/design_1_xdma_0_0/ip_0/source/design_1_xdma_0_0_pcie2_ip-PCIE_X0Y0.xdc] for cell 'design_1_i/xdma_0/inst/design_1_xdma_0_0_pcie2_to_pcie3_wrapper_i/pcie2_ip_i/inst'
Parsing XDC File [/home/kokunev/data/git_root/alinx/alinx_pcie_debug/alinx_pcie_axi_1/alinx_pcie_axi_1.gen/sources_1/bd/design_1/ip/design_1_xdma_0_0/design_1_xdma_0_0_board.xdc] for cell 'design_1_i/xdma_0/inst'
Finished Parsing XDC File [/home/kokunev/data/git_root/alinx/alinx_pcie_debug/alinx_pcie_axi_1/alinx_pcie_axi_1.gen/sources_1/bd/design_1/ip/design_1_xdma_0_0/design_1_xdma_0_0_board.xdc] for cell 'design_1_i/xdma_0/inst'
Parsing XDC File [/home/kokunev/data/git_root/alinx/alinx_pcie_debug/alinx_pcie_axi_1/alinx_pcie_axi_1.gen/sources_1/bd/design_1/ip/design_1_xdma_0_0/source/design_1_xdma_0_0_pcie3_7vx_ip.xdc] for cell 'design_1_i/xdma_0/inst'
Finished Parsing XDC File [/home/kokunev/data/git_root/alinx/alinx_pcie_debug/alinx_pcie_axi_1/alinx_pcie_axi_1.gen/sources_1/bd/design_1/ip/design_1_xdma_0_0/source/design_1_xdma_0_0_pcie3_7vx_ip.xdc] for cell 'design_1_i/xdma_0/inst'
Parsing XDC File [/home/kokunev/data/git_root/alinx/alinx_pcie_debug/alinx_pcie_axi_1/alinx_pcie_axi_1.gen/sources_1/bd/design_1/ip/design_1_util_ds_buf_0/design_1_util_ds_buf_0_board.xdc] for cell 'design_1_i/util_ds_buf/U0'
Finished Parsing XDC File [/home/kokunev/data/git_root/alinx/alinx_pcie_debug/alinx_pcie_axi_1/alinx_pcie_axi_1.gen/sources_1/bd/design_1/ip/design_1_util_ds_buf_0/design_1_util_ds_buf_0_board.xdc] for cell 'design_1_i/util_ds_buf/U0'
Parsing XDC File [/home/kokunev/data/git_root/alinx/alinx_pcie_debug/alinx_pcie_axi_1/alinx_pcie_axi_1.gen/sources_1/bd/design_1/ip/design_1_system_ila_0_0/bd_0/ip/ip_0/ila_v6_2/constraints/ila_impl.xdc] for cell 'design_1_i/system_ila_0/inst/ila_lib/inst'
WARNING: [Vivado_Tcl 4-921] Waiver ID 'CDC-10' -to list should not be empty. [/home/kokunev/data/git_root/alinx/alinx_pcie_debug/alinx_pcie_axi_1/alinx_pcie_axi_1.gen/sources_1/bd/design_1/ip/design_1_system_ila_0_0/bd_0/ip/ip_0/ila_v6_2/constraints/ila_impl.xdc:31]
Finished Parsing XDC File [/home/kokunev/data/git_root/alinx/alinx_pcie_debug/alinx_pcie_axi_1/alinx_pcie_axi_1.gen/sources_1/bd/design_1/ip/design_1_system_ila_0_0/bd_0/ip/ip_0/ila_v6_2/constraints/ila_impl.xdc] for cell 'design_1_i/system_ila_0/inst/ila_lib/inst'
Parsing XDC File [/home/kokunev/data/git_root/alinx/alinx_pcie_debug/alinx_pcie_axi_1/alinx_pcie_axi_1.gen/sources_1/bd/design_1/ip/design_1_system_ila_0_0/bd_0/ip/ip_0/ila_v6_2/constraints/ila.xdc] for cell 'design_1_i/system_ila_0/inst/ila_lib/inst'
WARNING: [Vivado_Tcl 4-921] Waiver ID 'CDC-10' -to list should not be empty. [/home/kokunev/data/git_root/alinx/alinx_pcie_debug/alinx_pcie_axi_1/alinx_pcie_axi_1.gen/sources_1/bd/design_1/ip/design_1_system_ila_0_0/bd_0/ip/ip_0/ila_v6_2/constraints/ila.xdc:108]
Finished Parsing XDC File [/home/kokunev/data/git_root/alinx/alinx_pcie_debug/alinx_pcie_axi_1/alinx_pcie_axi_1.gen/sources_1/bd/design_1/ip/design_1_system_ila_0_0/bd_0/ip/ip_0/ila_v6_2/constraints/ila.xdc] for cell 'design_1_i/system_ila_0/inst/ila_lib/inst'
Parsing XDC File [/home/kokunev/data/git_root/alinx/alinx_pcie_debug/alinx_pcie_axi_1/alinx_pcie_axi_1.srcs/constrs_1/imports/new/alinx.xdc]
Finished Parsing XDC File [/home/kokunev/data/git_root/alinx/alinx_pcie_debug/alinx_pcie_axi_1/alinx_pcie_axi_1.srcs/constrs_1/imports/new/alinx.xdc]
Parsing XDC File [/home/kokunev/data/git_root/alinx/alinx_pcie_debug/alinx_pcie_axi_1/alinx_pcie_axi_1.gen/sources_1/bd/design_1/ip/design_1_xdma_0_0/ip_0/source/ip_xilinx_pcie_2_1_7x_late.xdc] for cell 'design_1_i/xdma_0/inst/design_1_xdma_0_0_pcie2_to_pcie3_wrapper_i/pcie2_ip_i/inst'
Finished Parsing XDC File [/home/kokunev/data/git_root/alinx/alinx_pcie_debug/alinx_pcie_axi_1/alinx_pcie_axi_1.gen/sources_1/bd/design_1/ip/design_1_xdma_0_0/ip_0/source/ip_xilinx_pcie_2_1_7x_late.xdc] for cell 'design_1_i/xdma_0/inst/design_1_xdma_0_0_pcie2_to_pcie3_wrapper_i/pcie2_ip_i/inst'
INFO: [Project 1-1714] 11 XPM XDC files have been applied to the design.
INFO: [Opt 31-138] Pushed 0 inverter(s) to 0 load pin(s).
INFO: [Project 1-1687] 2 scoped IP constraints or related sub-commands were skipped due to synthesis logic optimizations usually triggered by constant connectivity or unconnected output pins. To review the skipped constraints and messages, run the command 'set_param netlist.IPMsgFiltering false' before opening the design.
Netlist sorting complete. Time (s): cpu = 00:00:00 ; elapsed = 00:00:00.01 . Memory (MB): peak = 2687.320 ; gain = 0.000 ; free physical = 25721 ; free virtual = 53295
INFO: [Project 1-111] Unisim Transformation Summary:
  A total of 496 instances were transformed.
  CFGLUT5 => CFGLUT5 (SRL16E, SRLC32E): 68 instances
  RAM16X1D => RAM32X1D (RAMD32(x2)): 18 instances
  RAM32M => RAM32M (RAMD32(x6), RAMS32(x2)): 383 instances
  RAM32X1D => RAM32X1D (RAMD32(x2)): 18 instances
  RAM64X1S => RAM64X1S (RAMS64E): 9 instances

14 Infos, 3 Warnings, 0 Critical Warnings and 0 Errors encountered.
link_design completed successfully
link_design: Time (s): cpu = 00:00:12 ; elapsed = 00:00:11 . Memory (MB): peak = 2687.355 ; gain = 1073.484 ; free physical = 25721 ; free virtual = 53295
Command: opt_design
Attempting to get a license for feature 'Implementation' and/or device 'xc7a200t'
INFO: [Common 17-349] Got license for feature 'Implementation' and/or device 'xc7a200t'
Running DRC as a precondition to command opt_design

Starting DRC Task
INFO: [DRC 23-27] Running DRC with 8 threads
INFO: [Project 1-461] DRC finished with 0 Errors
INFO: [Project 1-462] Please refer to the DRC report (report_drc) for more information.

Time (s): cpu = 00:00:01 ; elapsed = 00:00:00.49 . Memory (MB): peak = 2687.355 ; gain = 0.000 ; free physical = 25672 ; free virtual = 53247

Starting Cache Timing Information Task
INFO: [Timing 38-35] Done setting XDC timing constraints.
Ending Cache Timing Information Task | Checksum: 1f3224269

Time (s): cpu = 00:00:00.89 ; elapsed = 00:00:00.35 . Memory (MB): peak = 2687.355 ; gain = 0.000 ; free physical = 25647 ; free virtual = 53221

Starting Logic Optimization Task

Phase 1 Initialization

Phase 1.1 Core Generation And Design Setup

Phase 1.1.1 Generate And Synthesize Debug Cores
INFO: [Chipscope 16-329] Generating Script for core instance : dbg_hub 
INFO: [IP_Flow 19-3806] Processing IP xilinx.com:ip:xsdbm:3.0 for cell dbg_hub_CV.
INFO: [Chipscope 16-469] Using cached IP synthesis design for IP xilinx.com:ip:xsdbm:3.0, cache-ID = c7928787be09aaca.
Done building netlist checker database: Time (s): cpu = 00:00:00.01 ; elapsed = 00:00:00.01 . Memory (MB): peak = 3059.945 ; gain = 0.000 ; free physical = 25165 ; free virtual = 52746
Netlist sorting complete. Time (s): cpu = 00:00:00.02 ; elapsed = 00:00:00.02 . Memory (MB): peak = 3062.914 ; gain = 0.000 ; free physical = 25163 ; free virtual = 52743
Phase 1.1.1 Generate And Synthesize Debug Cores | Checksum: 248223575

Time (s): cpu = 00:00:15 ; elapsed = 00:00:08 . Memory (MB): peak = 3062.914 ; gain = 24.781 ; free physical = 25155 ; free virtual = 52735
Phase 1.1 Core Generation And Design Setup | Checksum: 248223575

Time (s): cpu = 00:00:15 ; elapsed = 00:00:08 . Memory (MB): peak = 3062.914 ; gain = 24.781 ; free physical = 25155 ; free virtual = 52735

Phase 1.2 Setup Constraints And Sort Netlist
Phase 1.2 Setup Constraints And Sort Netlist | Checksum: 248223575

Time (s): cpu = 00:00:15 ; elapsed = 00:00:08 . Memory (MB): peak = 3062.914 ; gain = 24.781 ; free physical = 25155 ; free virtual = 52735
Phase 1 Initialization | Checksum: 248223575

Time (s): cpu = 00:00:15 ; elapsed = 00:00:08 . Memory (MB): peak = 3062.914 ; gain = 24.781 ; free physical = 25155 ; free virtual = 52735

Phase 2 Timer Update And Timing Data Collection

Phase 2.1 Detect if minReqCache needed
Phase 2.1 Detect if minReqCache needed | Checksum: 248223575

Time (s): cpu = 00:00:15 ; elapsed = 00:00:08 . Memory (MB): peak = 3062.914 ; gain = 24.781 ; free physical = 25155 ; free virtual = 52735

Phase 2.2 Timer Update
Phase 2.2 Timer Update | Checksum: 248223575

Time (s): cpu = 00:00:15 ; elapsed = 00:00:09 . Memory (MB): peak = 3062.914 ; gain = 24.781 ; free physical = 25154 ; free virtual = 52735

Phase 2.3 Timing Data Collection
Phase 2.3 Timing Data Collection | Checksum: 248223575

Time (s): cpu = 00:00:15 ; elapsed = 00:00:09 . Memory (MB): peak = 3062.914 ; gain = 24.781 ; free physical = 25147 ; free virtual = 52727
Phase 2 Timer Update And Timing Data Collection | Checksum: 248223575

Time (s): cpu = 00:00:15 ; elapsed = 00:00:09 . Memory (MB): peak = 3062.914 ; gain = 24.781 ; free physical = 25147 ; free virtual = 52727

Phase 3 Retarget
INFO: [Opt 31-1851] Number of loadless carry chains removed were: 0
INFO: [Opt 31-1834] Total Chains To Be Transformed Were: 0 AND Number of Transformed insts Created are: 0
INFO: [Opt 31-1566] Pulled 10 inverters resulting in an inversion of 62 pins
INFO: [Opt 31-138] Pushed 6 inverter(s) to 33 load pin(s).
INFO: [Opt 31-49] Retargeted 0 cell(s).
Phase 3 Retarget | Checksum: 224b4af64

Time (s): cpu = 00:00:16 ; elapsed = 00:00:09 . Memory (MB): peak = 3062.914 ; gain = 24.781 ; free physical = 25148 ; free virtual = 52728
Retarget | Checksum: 224b4af64
INFO: [Opt 31-389] Phase Retarget created 36 cells and removed 1061 cells
INFO: [Opt 31-1021] In phase Retarget, 97 netlist objects are constrained preventing optimization. Please run opt_design with -debug_log to get more detail. 

Phase 4 Constant propagation
INFO: [Opt 31-138] Pushed 7 inverter(s) to 42 load pin(s).
Phase 4 Constant propagation | Checksum: 1cf8f998a

Time (s): cpu = 00:00:16 ; elapsed = 00:00:09 . Memory (MB): peak = 3062.914 ; gain = 24.781 ; free physical = 25148 ; free virtual = 52728
Constant propagation | Checksum: 1cf8f998a
INFO: [Opt 31-389] Phase Constant propagation created 456 cells and removed 902 cells
INFO: [Opt 31-1021] In phase Constant propagation, 77 netlist objects are constrained preventing optimization. Please run opt_design with -debug_log to get more detail. 

Phase 5 Sweep
INFO: [Constraints 18-11670] Building netlist checker database with flags, 0x8
Done building netlist checker database: Time (s): cpu = 00:00:00 ; elapsed = 00:00:00.01 . Memory (MB): peak = 3062.914 ; gain = 0.000 ; free physical = 25148 ; free virtual = 52728
INFO: [Constraints 18-11670] Building netlist checker database with flags, 0x8
Done building netlist checker database: Time (s): cpu = 00:00:00 ; elapsed = 00:00:00.01 . Memory (MB): peak = 3062.914 ; gain = 0.000 ; free physical = 25148 ; free virtual = 52728
Phase 5 Sweep | Checksum: 208d05bb8

Time (s): cpu = 00:00:17 ; elapsed = 00:00:10 . Memory (MB): peak = 3062.914 ; gain = 24.781 ; free physical = 25149 ; free virtual = 52729
Sweep | Checksum: 208d05bb8
INFO: [Opt 31-389] Phase Sweep created 0 cells and removed 4869 cells
INFO: [Opt 31-1021] In phase Sweep, 973 netlist objects are constrained preventing optimization. Please run opt_design with -debug_log to get more detail. 

Phase 6 BUFG optimization
Phase 6 BUFG optimization | Checksum: 224ccb230

Time (s): cpu = 00:00:17 ; elapsed = 00:00:10 . Memory (MB): peak = 3094.930 ; gain = 56.797 ; free physical = 25149 ; free virtual = 52729
BUFG optimization | Checksum: 224ccb230
INFO: [Opt 31-662] Phase BUFG optimization created 0 cells of which 0 are BUFGs and removed 0 cells.

Phase 7 Shift Register Optimization
INFO: [Opt 31-1064] SRL Remap converted 0 SRLs to 0 registers and converted 0 registers of register chains to 0 SRLs
Phase 7 Shift Register Optimization | Checksum: 224ccb230

Time (s): cpu = 00:00:17 ; elapsed = 00:00:10 . Memory (MB): peak = 3094.930 ; gain = 56.797 ; free physical = 25149 ; free virtual = 52729
Shift Register Optimization | Checksum: 224ccb230
INFO: [Opt 31-389] Phase Shift Register Optimization created 0 cells and removed 0 cells

Phase 8 Post Processing Netlist
INFO: [Opt 31-1566] Pulled 1 inverters resulting in an inversion of 2 pins
Phase 8 Post Processing Netlist | Checksum: 220d42a0d

Time (s): cpu = 00:00:17 ; elapsed = 00:00:10 . Memory (MB): peak = 3094.930 ; gain = 56.797 ; free physical = 25149 ; free virtual = 52729
Post Processing Netlist | Checksum: 220d42a0d
INFO: [Opt 31-389] Phase Post Processing Netlist created 0 cells and removed 1 cells
INFO: [Opt 31-1021] In phase Post Processing Netlist, 93 netlist objects are constrained preventing optimization. Please run opt_design with -debug_log to get more detail. 

Phase 9 Finalization

Phase 9.1 Finalizing Design Cores and Updating Shapes
Phase 9.1 Finalizing Design Cores and Updating Shapes | Checksum: 1f2b317a0

Time (s): cpu = 00:00:18 ; elapsed = 00:00:10 . Memory (MB): peak = 3094.930 ; gain = 56.797 ; free physical = 25149 ; free virtual = 52729

Phase 9.2 Verifying Netlist Connectivity

Starting Connectivity Check Task

Time (s): cpu = 00:00:00.02 ; elapsed = 00:00:00.02 . Memory (MB): peak = 3094.930 ; gain = 0.000 ; free physical = 25149 ; free virtual = 52729
Phase 9.2 Verifying Netlist Connectivity | Checksum: 1f2b317a0

Time (s): cpu = 00:00:18 ; elapsed = 00:00:10 . Memory (MB): peak = 3094.930 ; gain = 56.797 ; free physical = 25149 ; free virtual = 52729
Phase 9 Finalization | Checksum: 1f2b317a0

Time (s): cpu = 00:00:18 ; elapsed = 00:00:10 . Memory (MB): peak = 3094.930 ; gain = 56.797 ; free physical = 25149 ; free virtual = 52729
Opt_design Change Summary
=========================


-------------------------------------------------------------------------------------------------------------------------
|  Phase                        |  #Cells created  |  #Cells Removed  |  #Constrained objects preventing optimizations  |
-------------------------------------------------------------------------------------------------------------------------
|  Retarget                     |              36  |            1061  |                                             97  |
|  Constant propagation         |             456  |             902  |                                             77  |
|  Sweep                        |               0  |            4869  |                                            973  |
|  BUFG optimization            |               0  |               0  |                                              0  |
|  Shift Register Optimization  |               0  |               0  |                                              0  |
|  Post Processing Netlist      |               0  |               1  |                                             93  |
-------------------------------------------------------------------------------------------------------------------------


Ending Logic Optimization Task | Checksum: 1f2b317a0

Time (s): cpu = 00:00:18 ; elapsed = 00:00:10 . Memory (MB): peak = 3094.930 ; gain = 56.797 ; free physical = 25149 ; free virtual = 52730

Starting Power Optimization Task
INFO: [Pwropt 34-132] Skipping clock gating for clocks with a period < 2.00 ns.
INFO: [Timing 38-35] Done setting XDC timing constraints.
Running Vector-less Activity Propagation...
INFO: [Pwropt 34-9] Applying IDT optimizations ...
INFO: [Pwropt 34-10] Applying ODC optimizations ...

Finished Running Vector-less Activity Propagation


Starting PowerOpt Patch Enables Task
INFO: [Pwropt 34-162] WRITE_MODE attribute of 0 BRAM(s) out of a total of 27 has been updated to save power. Run report_power_opt to get a complete listing of the BRAMs updated.
INFO: [Pwropt 34-201] Structural ODC has moved 0 WE to EN ports
Number of BRAM Ports augmented: 14 newly gated: 13 Total Ports: 54
Number of Flops added for Enable Generation: 2

Ending PowerOpt Patch Enables Task | Checksum: 273fe95c7

Time (s): cpu = 00:00:00.21 ; elapsed = 00:00:00.11 . Memory (MB): peak = 3283.797 ; gain = 0.000 ; free physical = 25100 ; free virtual = 52680
Ending Power Optimization Task | Checksum: 273fe95c7

Time (s): cpu = 00:00:07 ; elapsed = 00:00:03 . Memory (MB): peak = 3283.797 ; gain = 188.867 ; free physical = 25100 ; free virtual = 52680

Starting Final Cleanup Task

Starting Logic Optimization Task
INFO: [Timing 38-35] Done setting XDC timing constraints.
Ending Logic Optimization Task | Checksum: 279545524

Time (s): cpu = 00:00:02 ; elapsed = 00:00:00.82 . Memory (MB): peak = 3283.797 ; gain = 0.000 ; free physical = 25093 ; free virtual = 52673
Ending Final Cleanup Task | Checksum: 279545524

Time (s): cpu = 00:00:04 ; elapsed = 00:00:03 . Memory (MB): peak = 3283.797 ; gain = 0.000 ; free physical = 25093 ; free virtual = 52673
Netlist sorting complete. Time (s): cpu = 00:00:00 ; elapsed = 00:00:00.01 . Memory (MB): peak = 3283.797 ; gain = 0.000 ; free physical = 25093 ; free virtual = 52673
INFO: [Common 17-83] Releasing license: Implementation
54 Infos, 3 Warnings, 0 Critical Warnings and 0 Errors encountered.
opt_design completed successfully
opt_design: Time (s): cpu = 00:00:33 ; elapsed = 00:00:18 . Memory (MB): peak = 3283.797 ; gain = 596.441 ; free physical = 25093 ; free virtual = 52673
INFO: [Vivado 12-24828] Executing command : report_drc -file design_1_wrapper_drc_opted.rpt -pb design_1_wrapper_drc_opted.pb -rpx design_1_wrapper_drc_opted.rpx
Command: report_drc -file design_1_wrapper_drc_opted.rpt -pb design_1_wrapper_drc_opted.pb -rpx design_1_wrapper_drc_opted.rpx
INFO: [IP_Flow 19-1839] IP Catalog is up to date.
INFO: [DRC 23-27] Running DRC with 8 threads
INFO: [Vivado_Tcl 2-168] The results of DRC are in file /home/kokunev/data/git_root/alinx/alinx_pcie_debug/alinx_pcie_axi_1/alinx_pcie_axi_1.runs/impl_1/design_1_wrapper_drc_opted.rpt.
report_drc completed successfully
INFO: [Timing 38-480] Writing timing data to binary archive.
Wrote PlaceDB: Time (s): cpu = 00:00:00 ; elapsed = 00:00:00 . Memory (MB): peak = 3283.797 ; gain = 0.000 ; free physical = 25071 ; free virtual = 52652
Wrote PulsedLatchDB: Time (s): cpu = 00:00:00 ; elapsed = 00:00:00 . Memory (MB): peak = 3283.797 ; gain = 0.000 ; free physical = 25071 ; free virtual = 52652
Writing XDEF routing.
Writing XDEF routing logical nets.
Write ShapeDB Complete: Time (s): cpu = 00:00:00.11 ; elapsed = 00:00:00.03 . Memory (MB): peak = 3283.797 ; gain = 0.000 ; free physical = 25071 ; free virtual = 52654
Writing XDEF routing special nets.
Wrote RouteStorage: Time (s): cpu = 00:00:00.14 ; elapsed = 00:00:00.03 . Memory (MB): peak = 3283.797 ; gain = 0.000 ; free physical = 25071 ; free virtual = 52654
Wrote PlaceStorage: Time (s): cpu = 00:00:00.02 ; elapsed = 00:00:00 . Memory (MB): peak = 3283.797 ; gain = 0.000 ; free physical = 25071 ; free virtual = 52654
Wrote Netlist Cache: Time (s): cpu = 00:00:00 ; elapsed = 00:00:00 . Memory (MB): peak = 3283.797 ; gain = 0.000 ; free physical = 25071 ; free virtual = 52654
Wrote Device Cache: Time (s): cpu = 00:00:00.02 ; elapsed = 00:00:00.01 . Memory (MB): peak = 3283.797 ; gain = 0.000 ; free physical = 25071 ; free virtual = 52655
Write Physdb Complete: Time (s): cpu = 00:00:00.18 ; elapsed = 00:00:00.05 . Memory (MB): peak = 3283.797 ; gain = 0.000 ; free physical = 25071 ; free virtual = 52655
INFO: [Common 17-1381] The checkpoint '/home/kokunev/data/git_root/alinx/alinx_pcie_debug/alinx_pcie_axi_1/alinx_pcie_axi_1.runs/impl_1/design_1_wrapper_opt.dcp' has been generated.
INFO: [Chipscope 16-240] Debug cores have already been implemented
Command: place_design
Attempting to get a license for feature 'Implementation' and/or device 'xc7a200t'
INFO: [Common 17-349] Got license for feature 'Implementation' and/or device 'xc7a200t'
INFO: [Common 17-83] Releasing license: Implementation
INFO: [DRC 23-27] Running DRC with 8 threads
INFO: [Vivado_Tcl 4-198] DRC finished with 0 Errors
INFO: [Vivado_Tcl 4-199] Please refer to the DRC report (report_drc) for more information.
INFO: [Timing 38-35] Done setting XDC timing constraints.
Running DRC as a precondition to command place_design
INFO: [DRC 23-27] Running DRC with 8 threads
INFO: [Vivado_Tcl 4-198] DRC finished with 0 Errors
INFO: [Vivado_Tcl 4-199] Please refer to the DRC report (report_drc) for more information.
INFO: [Place 30-611] Multithreading enabled for place_design using a maximum of 8 CPUs

Starting Placer Task

Phase 1 Placer Initialization

Phase 1.1 Placer Initialization Netlist Sorting
Netlist sorting complete. Time (s): cpu = 00:00:00 ; elapsed = 00:00:00.01 . Memory (MB): peak = 3334.887 ; gain = 0.000 ; free physical = 25050 ; free virtual = 52636
Phase 1.1 Placer Initialization Netlist Sorting | Checksum: 197bb3d47

Time (s): cpu = 00:00:00.01 ; elapsed = 00:00:00.01 . Memory (MB): peak = 3334.887 ; gain = 0.000 ; free physical = 25050 ; free virtual = 52636
Netlist sorting complete. Time (s): cpu = 00:00:00 ; elapsed = 00:00:00 . Memory (MB): peak = 3334.887 ; gain = 0.000 ; free physical = 25050 ; free virtual = 52636

Phase 1.2 IO Placement/ Clock Placement/ Build Placer Device
Phase 1.2 IO Placement/ Clock Placement/ Build Placer Device | Checksum: 248fe297b

Time (s): cpu = 00:00:02 ; elapsed = 00:00:00.8 . Memory (MB): peak = 3334.887 ; gain = 0.000 ; free physical = 25049 ; free virtual = 52635

Phase 1.3 Build Placer Netlist Model
Phase 1.3 Build Placer Netlist Model | Checksum: 2b92f738c

Time (s): cpu = 00:00:07 ; elapsed = 00:00:03 . Memory (MB): peak = 3334.887 ; gain = 0.000 ; free physical = 24993 ; free virtual = 52591

Phase 1.4 Constrain Clocks/Macros
Phase 1.4 Constrain Clocks/Macros | Checksum: 2b92f738c

Time (s): cpu = 00:00:07 ; elapsed = 00:00:03 . Memory (MB): peak = 3334.887 ; gain = 0.000 ; free physical = 24997 ; free virtual = 52594
Phase 1 Placer Initialization | Checksum: 2b92f738c

Time (s): cpu = 00:00:07 ; elapsed = 00:00:03 . Memory (MB): peak = 3334.887 ; gain = 0.000 ; free physical = 24997 ; free virtual = 52594

Phase 2 Global Placement

Phase 2.1 Floorplanning
Phase 2.1 Floorplanning | Checksum: 2653fb6fe

Time (s): cpu = 00:00:11 ; elapsed = 00:00:04 . Memory (MB): peak = 3334.887 ; gain = 0.000 ; free physical = 24968 ; free virtual = 52565

Phase 2.2 Update Timing before SLR Path Opt
Phase 2.2 Update Timing before SLR Path Opt | Checksum: 2bb2946f6

Time (s): cpu = 00:00:13 ; elapsed = 00:00:04 . Memory (MB): peak = 3334.887 ; gain = 0.000 ; free physical = 25000 ; free virtual = 52598

Phase 2.3 Post-Processing in Floorplanning
Phase 2.3 Post-Processing in Floorplanning | Checksum: 2bb2946f6

Time (s): cpu = 00:00:13 ; elapsed = 00:00:05 . Memory (MB): peak = 3334.887 ; gain = 0.000 ; free physical = 25000 ; free virtual = 52597

Phase 2.4 Global Place Phase1
Phase 2.4 Global Place Phase1 | Checksum: 1b99a7651

Time (s): cpu = 00:00:37 ; elapsed = 00:00:11 . Memory (MB): peak = 3334.887 ; gain = 0.000 ; free physical = 24970 ; free virtual = 52557

Phase 2.5 Global Place Phase2

Phase 2.5.1 UpdateTiming Before Physical Synthesis
Phase 2.5.1 UpdateTiming Before Physical Synthesis | Checksum: 1b2f28598

Time (s): cpu = 00:00:39 ; elapsed = 00:00:11 . Memory (MB): peak = 3334.887 ; gain = 0.000 ; free physical = 25012 ; free virtual = 52597

Phase 2.5.2 Physical Synthesis In Placer
INFO: [Physopt 32-1035] Found 0 LUTNM shape to break, 686 LUT instances to create LUTNM shape
INFO: [Physopt 32-1044] Break lutnm for timing: one critical 0, two critical 0, total 0, new lutff created 0
INFO: [Physopt 32-1138] End 1 Pass. Optimized 280 nets or LUTs. Breaked 0 LUT, combined 280 existing LUTs and moved 0 existing LUT
INFO: [Physopt 32-65] No nets found for high-fanout optimization.
INFO: [Physopt 32-232] Optimized 0 net. Created 0 new instance.
INFO: [Physopt 32-775] End 1 Pass. Optimized 0 net or cell. Created 0 new cell, deleted 0 existing cell and moved 0 existing cell
INFO: [Physopt 32-456] No candidate cells for DSP register optimization found in the design.
INFO: [Physopt 32-775] End 2 Pass. Optimized 0 net or cell. Created 0 new cell, deleted 0 existing cell and moved 0 existing cell
INFO: [Physopt 32-1123] No candidate cells found for Shift Register to Pipeline optimization
INFO: [Physopt 32-775] End 2 Pass. Optimized 0 net or cell. Created 0 new cell, deleted 0 existing cell and moved 0 existing cell
INFO: [Physopt 32-1402] Pass 1: Identified 4 candidate cells for Shift Register optimization.
INFO: [Physopt 32-775] End 1 Pass. Optimized 1 net or cell. Created 2 new cells, deleted 0 existing cell and moved 0 existing cell
Netlist sorting complete. Time (s): cpu = 00:00:00 ; elapsed = 00:00:00.01 . Memory (MB): peak = 3334.887 ; gain = 0.000 ; free physical = 25033 ; free virtual = 52618
INFO: [Physopt 32-526] No candidate cells for BRAM register optimization found in the design
INFO: [Physopt 32-775] End 1 Pass. Optimized 0 net or cell. Created 0 new cell, deleted 0 existing cell and moved 0 existing cell
INFO: [Physopt 32-846] No candidate cells for URAM register optimization found in the design
INFO: [Physopt 32-775] End 1 Pass. Optimized 0 net or cell. Created 0 new cell, deleted 0 existing cell and moved 0 existing cell
INFO: [Physopt 32-846] No candidate cells for URAM register optimization found in the design
INFO: [Physopt 32-775] End 1 Pass. Optimized 0 net or cell. Created 0 new cell, deleted 0 existing cell and moved 0 existing cell
INFO: [Physopt 32-949] No candidate nets found for dynamic/static region interface net replication
INFO: [Physopt 32-775] End 1 Pass. Optimized 0 net or cell. Created 0 new cell, deleted 0 existing cell and moved 0 existing cell
Netlist sorting complete. Time (s): cpu = 00:00:00 ; elapsed = 00:00:00 . Memory (MB): peak = 3334.887 ; gain = 0.000 ; free physical = 25034 ; free virtual = 52619

Summary of Physical Synthesis Optimizations
============================================


-----------------------------------------------------------------------------------------------------------------------------------------------------------
|  Optimization                                     |  Added Cells  |  Removed Cells  |  Optimized Cells/Nets  |  Dont Touch  |  Iterations  |  Elapsed   |
-----------------------------------------------------------------------------------------------------------------------------------------------------------
|  LUT Combining                                    |            0  |            280  |                   280  |           0  |           1  |  00:00:00  |
|  Retime                                           |            0  |              0  |                     0  |           0  |           1  |  00:00:00  |
|  Very High Fanout                                 |            0  |              0  |                     0  |           0  |           1  |  00:00:00  |
|  DSP Register                                     |            0  |              0  |                     0  |           0  |           1  |  00:00:00  |
|  Shift Register to Pipeline                       |            0  |              0  |                     0  |           0  |           1  |  00:00:00  |
|  Shift Register                                   |            2  |              0  |                     1  |           0  |           1  |  00:00:00  |
|  BRAM Register                                    |            0  |              0  |                     0  |           0  |           1  |  00:00:00  |
|  URAM Register                                    |            0  |              0  |                     0  |           0  |           1  |  00:00:00  |
|  Dynamic/Static Region Interface Net Replication  |            0  |              0  |                     0  |           0  |           1  |  00:00:00  |
|  Total                                            |            2  |            280  |                   281  |           0  |           9  |  00:00:00  |
-----------------------------------------------------------------------------------------------------------------------------------------------------------


Phase 2.5.2 Physical Synthesis In Placer | Checksum: 1672084ed

Time (s): cpu = 00:00:43 ; elapsed = 00:00:12 . Memory (MB): peak = 3334.887 ; gain = 0.000 ; free physical = 25029 ; free virtual = 52607
Phase 2.5 Global Place Phase2 | Checksum: 1ad6ae27c

Time (s): cpu = 00:00:47 ; elapsed = 00:00:14 . Memory (MB): peak = 3334.887 ; gain = 0.000 ; free physical = 25049 ; free virtual = 52627
Phase 2 Global Placement | Checksum: 1ad6ae27c

Time (s): cpu = 00:00:47 ; elapsed = 00:00:14 . Memory (MB): peak = 3334.887 ; gain = 0.000 ; free physical = 25049 ; free virtual = 52627

Phase 3 Detail Placement

Phase 3.1 Commit Multi Column Macros
Phase 3.1 Commit Multi Column Macros | Checksum: 1c1c40fdc

Time (s): cpu = 00:00:49 ; elapsed = 00:00:14 . Memory (MB): peak = 3334.887 ; gain = 0.000 ; free physical = 25040 ; free virtual = 52617

Phase 3.2 Commit Most Macros & LUTRAMs
Phase 3.2 Commit Most Macros & LUTRAMs | Checksum: 129fcbcde

Time (s): cpu = 00:00:53 ; elapsed = 00:00:15 . Memory (MB): peak = 3334.887 ; gain = 0.000 ; free physical = 25072 ; free virtual = 52650

Phase 3.3 Area Swap Optimization
Phase 3.3 Area Swap Optimization | Checksum: 12d1d73c2

Time (s): cpu = 00:00:53 ; elapsed = 00:00:15 . Memory (MB): peak = 3334.887 ; gain = 0.000 ; free physical = 25072 ; free virtual = 52649

Phase 3.4 Pipeline Register Optimization
Phase 3.4 Pipeline Register Optimization | Checksum: 182e4cee9

Time (s): cpu = 00:00:53 ; elapsed = 00:00:15 . Memory (MB): peak = 3334.887 ; gain = 0.000 ; free physical = 25071 ; free virtual = 52649

Phase 3.5 Fast Optimization
Phase 3.5 Fast Optimization | Checksum: 1dca7471c

Time (s): cpu = 00:00:58 ; elapsed = 00:00:16 . Memory (MB): peak = 3334.887 ; gain = 0.000 ; free physical = 25051 ; free virtual = 52630

Phase 3.6 Small Shape Detail Placement
Phase 3.6 Small Shape Detail Placement | Checksum: 1f9629d49

Time (s): cpu = 00:01:03 ; elapsed = 00:00:21 . Memory (MB): peak = 3334.887 ; gain = 0.000 ; free physical = 25160 ; free virtual = 52734

Phase 3.7 Re-assign LUT pins
Phase 3.7 Re-assign LUT pins | Checksum: 17a9dfecd

Time (s): cpu = 00:01:04 ; elapsed = 00:00:21 . Memory (MB): peak = 3334.887 ; gain = 0.000 ; free physical = 25162 ; free virtual = 52736

Phase 3.8 Pipeline Register Optimization
Phase 3.8 Pipeline Register Optimization | Checksum: 10f877055

Time (s): cpu = 00:01:04 ; elapsed = 00:00:21 . Memory (MB): peak = 3334.887 ; gain = 0.000 ; free physical = 25162 ; free virtual = 52736
Phase 3 Detail Placement | Checksum: 10f877055

Time (s): cpu = 00:01:04 ; elapsed = 00:00:21 . Memory (MB): peak = 3334.887 ; gain = 0.000 ; free physical = 25162 ; free virtual = 52736

Phase 4 Post Placement Optimization and Clean-Up

Phase 4.1 Post Commit Optimization
INFO: [Timing 38-35] Done setting XDC timing constraints.

Phase 4.1.1 Post Placement Optimization
Post Placement Optimization Initialization | Checksum: 20834561f

Phase 4.1.1.1 BUFG Insertion

Starting Physical Synthesis Task

Phase 1 Physical Synthesis Initialization
INFO: [Physopt 32-721] Multithreading enabled for phys_opt_design using a maximum of 8 CPUs
INFO: [Physopt 32-619] Estimated Timing Summary | WNS=-0.388 | TNS=-0.679 |
Phase 1 Physical Synthesis Initialization | Checksum: 1805d6a3d

Time (s): cpu = 00:00:00.69 ; elapsed = 00:00:00.18 . Memory (MB): peak = 3334.887 ; gain = 0.000 ; free physical = 25149 ; free virtual = 52724
INFO: [Place 46-33] Processed net design_1_i/xdma_0/inst/udma_wrapper/dma_top/dma_pcie_req/dma_pcie_rc/u_dma_rc_mem_pfch/SR[0], BUFG insertion was skipped due to placement/routing conflicts.
INFO: [Place 46-56] BUFG insertion identified 1 candidate nets. Inserted BUFG: 0, Replicated BUFG Driver: 0, Skipped due to Placement/Routing Conflicts: 1, Skipped due to Timing Degradation: 0, Skipped due to netlist editing failed: 0.
Ending Physical Synthesis Task | Checksum: 19e5d1f18

Time (s): cpu = 00:00:00.93 ; elapsed = 00:00:00.31 . Memory (MB): peak = 3334.887 ; gain = 0.000 ; free physical = 25162 ; free virtual = 52737
Phase 4.1.1.1 BUFG Insertion | Checksum: 20834561f

Time (s): cpu = 00:01:12 ; elapsed = 00:00:23 . Memory (MB): peak = 3334.887 ; gain = 0.000 ; free physical = 25166 ; free virtual = 52741

Phase 4.1.1.2 Post Placement Timing Optimization
INFO: [Place 30-746] Post Placement Timing Summary WNS=0.172. For the most accurate timing information please run report_timing.
Phase 4.1.1.2 Post Placement Timing Optimization | Checksum: 27ce0d6bb

Time (s): cpu = 00:01:17 ; elapsed = 00:00:28 . Memory (MB): peak = 3334.887 ; gain = 0.000 ; free physical = 25221 ; free virtual = 52794

Time (s): cpu = 00:01:17 ; elapsed = 00:00:28 . Memory (MB): peak = 3334.887 ; gain = 0.000 ; free physical = 25221 ; free virtual = 52794
Phase 4.1 Post Commit Optimization | Checksum: 27ce0d6bb

Time (s): cpu = 00:01:17 ; elapsed = 00:00:28 . Memory (MB): peak = 3334.887 ; gain = 0.000 ; free physical = 25221 ; free virtual = 52794

Phase 4.2 Post Placement Cleanup
Phase 4.2 Post Placement Cleanup | Checksum: 27ce0d6bb

Time (s): cpu = 00:01:17 ; elapsed = 00:00:28 . Memory (MB): peak = 3334.887 ; gain = 0.000 ; free physical = 25221 ; free virtual = 52794

Phase 4.3 Placer Reporting

Phase 4.3.1 Print Estimated Congestion
INFO: [Place 30-612] Post-Placement Estimated Congestion 
 ____________________________________________________
|           | Global Congestion | Short Congestion  |
| Direction | Region Size       | Region Size       |
|___________|___________________|___________________|
|      North|                1x1|                2x2|
|___________|___________________|___________________|
|      South|                1x1|                2x2|
|___________|___________________|___________________|
|       East|                1x1|                1x1|
|___________|___________________|___________________|
|       West|                1x1|                1x1|
|___________|___________________|___________________|

Phase 4.3.1 Print Estimated Congestion | Checksum: 27ce0d6bb

Time (s): cpu = 00:01:17 ; elapsed = 00:00:28 . Memory (MB): peak = 3334.887 ; gain = 0.000 ; free physical = 25224 ; free virtual = 52797
Phase 4.3 Placer Reporting | Checksum: 27ce0d6bb

Time (s): cpu = 00:01:17 ; elapsed = 00:00:28 . Memory (MB): peak = 3334.887 ; gain = 0.000 ; free physical = 25218 ; free virtual = 52791

Phase 4.4 Final Placement Cleanup
Netlist sorting complete. Time (s): cpu = 00:00:00 ; elapsed = 00:00:00.01 . Memory (MB): peak = 3334.887 ; gain = 0.000 ; free physical = 25218 ; free virtual = 52791

Time (s): cpu = 00:01:17 ; elapsed = 00:00:28 . Memory (MB): peak = 3334.887 ; gain = 0.000 ; free physical = 25218 ; free virtual = 52791
Phase 4 Post Placement Optimization and Clean-Up | Checksum: 1b471864b

Time (s): cpu = 00:01:18 ; elapsed = 00:00:28 . Memory (MB): peak = 3334.887 ; gain = 0.000 ; free physical = 25219 ; free virtual = 52792
Ending Placer Task | Checksum: d4221bf0

Time (s): cpu = 00:01:18 ; elapsed = 00:00:28 . Memory (MB): peak = 3334.887 ; gain = 0.000 ; free physical = 25214 ; free virtual = 52788
98 Infos, 3 Warnings, 0 Critical Warnings and 0 Errors encountered.
place_design completed successfully
place_design: Time (s): cpu = 00:01:22 ; elapsed = 00:00:30 . Memory (MB): peak = 3334.887 ; gain = 51.090 ; free physical = 25212 ; free virtual = 52786
INFO: [Vivado 12-24838] Running report commands "report_control_sets, report_io, report_utilization" in parallel.
Running report generation with 3 threads.
INFO: [Vivado 12-24828] Executing command : report_io -file design_1_wrapper_io_placed.rpt
report_io: Time (s): cpu = 00:00:00.22 ; elapsed = 00:00:00.16 . Memory (MB): peak = 3334.887 ; gain = 0.000 ; free physical = 25209 ; free virtual = 52783
INFO: [Vivado 12-24828] Executing command : report_control_sets -verbose -file design_1_wrapper_control_sets_placed.rpt
report_control_sets: Time (s): cpu = 00:00:00.28 ; elapsed = 00:00:00.19 . Memory (MB): peak = 3334.887 ; gain = 0.000 ; free physical = 25221 ; free virtual = 52794
INFO: [Vivado 12-24828] Executing command : report_utilization -file design_1_wrapper_utilization_placed.rpt -pb design_1_wrapper_utilization_placed.pb
INFO: [Timing 38-480] Writing timing data to binary archive.
Wrote PlaceDB: Time (s): cpu = 00:00:00 ; elapsed = 00:00:00 . Memory (MB): peak = 3334.887 ; gain = 0.000 ; free physical = 25203 ; free virtual = 52777
Wrote PulsedLatchDB: Time (s): cpu = 00:00:00 ; elapsed = 00:00:00 . Memory (MB): peak = 3334.887 ; gain = 0.000 ; free physical = 25203 ; free virtual = 52777
Writing XDEF routing.
Writing XDEF routing logical nets.
Writing XDEF routing special nets.
Wrote RouteStorage: Time (s): cpu = 00:00:00.14 ; elapsed = 00:00:00.04 . Memory (MB): peak = 3334.887 ; gain = 0.000 ; free physical = 25201 ; free virtual = 52776
Write ShapeDB Complete: Time (s): cpu = 00:00:00.22 ; elapsed = 00:00:00.05 . Memory (MB): peak = 3334.887 ; gain = 0.000 ; free physical = 25195 ; free virtual = 52775
Wrote PlaceStorage: Time (s): cpu = 00:00:02 ; elapsed = 00:00:00.56 . Memory (MB): peak = 3334.887 ; gain = 0.000 ; free physical = 25184 ; free virtual = 52784
Wrote Netlist Cache: Time (s): cpu = 00:00:00.03 ; elapsed = 00:00:00.01 . Memory (MB): peak = 3334.887 ; gain = 0.000 ; free physical = 25180 ; free virtual = 52782
Wrote Device Cache: Time (s): cpu = 00:00:00 ; elapsed = 00:00:00.01 . Memory (MB): peak = 3334.887 ; gain = 0.000 ; free physical = 25180 ; free virtual = 52783
Write Physdb Complete: Time (s): cpu = 00:00:02 ; elapsed = 00:00:00.63 . Memory (MB): peak = 3334.887 ; gain = 0.000 ; free physical = 25180 ; free virtual = 52783
INFO: [Common 17-1381] The checkpoint '/home/kokunev/data/git_root/alinx/alinx_pcie_debug/alinx_pcie_axi_1/alinx_pcie_axi_1.runs/impl_1/design_1_wrapper_placed.dcp' has been generated.
Command: phys_opt_design
Attempting to get a license for feature 'Implementation' and/or device 'xc7a200t'
INFO: [Common 17-349] Got license for feature 'Implementation' and/or device 'xc7a200t'

Starting Initial Update Timing Task

Time (s): cpu = 00:00:06 ; elapsed = 00:00:01 . Memory (MB): peak = 3334.887 ; gain = 0.000 ; free physical = 25225 ; free virtual = 52808
INFO: [Vivado_Tcl 4-2279] Estimated Timing Summary | WNS= 0.172 | TNS= 0.000 | 
INFO: [Vivado_Tcl 4-383] Design worst setup slack (WNS) is greater than or equal to 0.000 ns. All physical synthesis setup optimizations will be skipped.
INFO: [Vivado_Tcl 4-232] No setup violation found. The netlist was not modified.
INFO: [Common 17-83] Releasing license: Implementation
109 Infos, 3 Warnings, 0 Critical Warnings and 0 Errors encountered.
phys_opt_design completed successfully
INFO: [Timing 38-480] Writing timing data to binary archive.
Wrote PlaceDB: Time (s): cpu = 00:00:00 ; elapsed = 00:00:00 . Memory (MB): peak = 3334.887 ; gain = 0.000 ; free physical = 25219 ; free virtual = 52802
Wrote PulsedLatchDB: Time (s): cpu = 00:00:00 ; elapsed = 00:00:00 . Memory (MB): peak = 3334.887 ; gain = 0.000 ; free physical = 25219 ; free virtual = 52802
Writing XDEF routing.
Writing XDEF routing logical nets.
Writing XDEF routing special nets.
Wrote RouteStorage: Time (s): cpu = 00:00:00.16 ; elapsed = 00:00:00.03 . Memory (MB): peak = 3334.887 ; gain = 0.000 ; free physical = 25230 ; free virtual = 52814
Write ShapeDB Complete: Time (s): cpu = 00:00:00.19 ; elapsed = 00:00:00.04 . Memory (MB): peak = 3334.887 ; gain = 0.000 ; free physical = 25243 ; free virtual = 52830
Wrote PlaceStorage: Time (s): cpu = 00:00:02 ; elapsed = 00:00:00.57 . Memory (MB): peak = 3334.887 ; gain = 0.000 ; free physical = 25161 ; free virtual = 52775
Wrote Netlist Cache: Time (s): cpu = 00:00:00.04 ; elapsed = 00:00:00.01 . Memory (MB): peak = 3334.887 ; gain = 0.000 ; free physical = 25161 ; free virtual = 52777
Wrote Device Cache: Time (s): cpu = 00:00:00.01 ; elapsed = 00:00:00 . Memory (MB): peak = 3334.887 ; gain = 0.000 ; free physical = 25161 ; free virtual = 52778
Write Physdb Complete: Time (s): cpu = 00:00:02 ; elapsed = 00:00:00.63 . Memory (MB): peak = 3334.887 ; gain = 0.000 ; free physical = 25162 ; free virtual = 52779
INFO: [Common 17-1381] The checkpoint '/home/kokunev/data/git_root/alinx/alinx_pcie_debug/alinx_pcie_axi_1/alinx_pcie_axi_1.runs/impl_1/design_1_wrapper_physopt.dcp' has been generated.
Command: route_design
Attempting to get a license for feature 'Implementation' and/or device 'xc7a200t'
INFO: [Common 17-349] Got license for feature 'Implementation' and/or device 'xc7a200t'


Starting Routing Task
INFO: [Route 35-254] Multithreading enabled for route_design using a maximum of 8 CPUs

Phase 1 Build RT Design
Checksum: PlaceDB: 1f65ae36 ConstDB: 0 ShapeSum: 1ca18256 RouteDB: 981aeb64
Post Restoration Checksum: NetGraph: 7566cfaa | NumContArr: f0f44903 | Constraints: c2a8fa9d | Timing: c2a8fa9d
Phase 1 Build RT Design | Checksum: 2ebad0de7

Time (s): cpu = 00:00:43 ; elapsed = 00:00:32 . Memory (MB): peak = 3334.887 ; gain = 0.000 ; free physical = 25148 ; free virtual = 52742

Phase 2 Router Initialization

Phase 2.1 Fix Topology Constraints
Phase 2.1 Fix Topology Constraints | Checksum: 2ebad0de7

Time (s): cpu = 00:00:43 ; elapsed = 00:00:32 . Memory (MB): peak = 3334.887 ; gain = 0.000 ; free physical = 25148 ; free virtual = 52742

Phase 2.2 Pre Route Cleanup
Phase 2.2 Pre Route Cleanup | Checksum: 2ebad0de7

Time (s): cpu = 00:00:43 ; elapsed = 00:00:32 . Memory (MB): peak = 3334.887 ; gain = 0.000 ; free physical = 25148 ; free virtual = 52742
 Number of Nodes with overlaps = 0

Phase 2.3 Update Timing
Phase 2.3 Update Timing | Checksum: 1f950154d

Time (s): cpu = 00:00:53 ; elapsed = 00:00:35 . Memory (MB): peak = 3334.887 ; gain = 0.000 ; free physical = 25088 ; free virtual = 52688
INFO: [Route 35-416] Intermediate Timing Summary | WNS=0.213  | TNS=0.000  | WHS=-0.462 | THS=-1125.381|


Phase 2.4 Update Timing for Bus Skew

Phase 2.4.1 Update Timing
Phase 2.4.1 Update Timing | Checksum: 1b52c4cf7

Time (s): cpu = 00:00:58 ; elapsed = 00:00:36 . Memory (MB): peak = 3334.887 ; gain = 0.000 ; free physical = 25081 ; free virtual = 52681
INFO: [Route 35-416] Intermediate Timing Summary | WNS=0.213  | TNS=0.000  | WHS=-0.231 | THS=-8.444 |

Phase 2.4 Update Timing for Bus Skew | Checksum: 1cd4b02ce

Time (s): cpu = 00:00:59 ; elapsed = 00:00:36 . Memory (MB): peak = 3334.887 ; gain = 0.000 ; free physical = 25081 ; free virtual = 52681

Phase 2.5 Soft Constraint Pins - Fast Budgeting
Phase 2.5 Soft Constraint Pins - Fast Budgeting | Checksum: 1cd4b02ce

Time (s): cpu = 00:00:59 ; elapsed = 00:00:36 . Memory (MB): peak = 3334.887 ; gain = 0.000 ; free physical = 25081 ; free virtual = 52681

Router Utilization Summary
  Global Vertical Routing Utilization    = 0 %
  Global Horizontal Routing Utilization  = 0.000330469 %
  Routable Net Status*
  *Does not include unroutable nets such as driverless and loadless.
  Run report_route_status for detailed report.
  Number of Failed Nets               = 22152
    (Failed Nets is the sum of unrouted and partially routed nets)
  Number of Unrouted Nets             = 22152
  Number of Partially Routed Nets     = 0
  Number of Node Overlaps             = 0

Phase 2 Router Initialization | Checksum: 2c10999a8

Time (s): cpu = 00:01:00 ; elapsed = 00:00:36 . Memory (MB): peak = 3334.887 ; gain = 0.000 ; free physical = 25077 ; free virtual = 52677

Phase 3 Global Routing
Phase 3 Global Routing | Checksum: 2c10999a8

Time (s): cpu = 00:01:00 ; elapsed = 00:00:36 . Memory (MB): peak = 3334.887 ; gain = 0.000 ; free physical = 25077 ; free virtual = 52677

Phase 4 Initial Routing

Phase 4.1 Initial Net Routing Pass
Phase 4.1 Initial Net Routing Pass | Checksum: 240e25f4b

Time (s): cpu = 00:01:07 ; elapsed = 00:00:38 . Memory (MB): peak = 3334.887 ; gain = 0.000 ; free physical = 25048 ; free virtual = 52653
Phase 4 Initial Routing | Checksum: 240e25f4b

Time (s): cpu = 00:01:07 ; elapsed = 00:00:38 . Memory (MB): peak = 3334.887 ; gain = 0.000 ; free physical = 25048 ; free virtual = 52653

Phase 5 Rip-up And Reroute

Phase 5.1 Global Iteration 0
 Number of Nodes with overlaps = 1819
 Number of Nodes with overlaps = 119
 Number of Nodes with overlaps = 39
 Number of Nodes with overlaps = 12
 Number of Nodes with overlaps = 7
 Number of Nodes with overlaps = 1
 Number of Nodes with overlaps = 2
 Number of Nodes with overlaps = 0
INFO: [Route 35-416] Intermediate Timing Summary | WNS=0.152  | TNS=0.000  | WHS=N/A    | THS=N/A    |

Phase 5.1 Global Iteration 0 | Checksum: 2aa29719a

Time (s): cpu = 00:01:21 ; elapsed = 00:00:45 . Memory (MB): peak = 3334.887 ; gain = 0.000 ; free physical = 24602 ; free virtual = 52233
Phase 5 Rip-up And Reroute | Checksum: 2aa29719a

Time (s): cpu = 00:01:21 ; elapsed = 00:00:45 . Memory (MB): peak = 3334.887 ; gain = 0.000 ; free physical = 24604 ; free virtual = 52234

Phase 6 Delay and Skew Optimization

Phase 6.1 Delay CleanUp

Phase 6.1.1 Update Timing
Phase 6.1.1 Update Timing | Checksum: 29d71e58c

Time (s): cpu = 00:01:22 ; elapsed = 00:00:46 . Memory (MB): peak = 3334.887 ; gain = 0.000 ; free physical = 24604 ; free virtual = 52234
INFO: [Route 35-416] Intermediate Timing Summary | WNS=0.152  | TNS=0.000  | WHS=N/A    | THS=N/A    |

Phase 6.1 Delay CleanUp | Checksum: 223f5f9af

Time (s): cpu = 00:01:22 ; elapsed = 00:00:46 . Memory (MB): peak = 3334.887 ; gain = 0.000 ; free physical = 24604 ; free virtual = 52234

Phase 6.2 Clock Skew Optimization
Phase 6.2 Clock Skew Optimization | Checksum: 223f5f9af

Time (s): cpu = 00:01:22 ; elapsed = 00:00:46 . Memory (MB): peak = 3334.887 ; gain = 0.000 ; free physical = 24604 ; free virtual = 52234
Phase 6 Delay and Skew Optimization | Checksum: 223f5f9af

Time (s): cpu = 00:01:23 ; elapsed = 00:00:46 . Memory (MB): peak = 3334.887 ; gain = 0.000 ; free physical = 24604 ; free virtual = 52234

Phase 7 Post Hold Fix

Phase 7.1 Hold Fix Iter
INFO: [Route 35-416] Intermediate Timing Summary | WNS=0.152  | TNS=0.000  | WHS=0.027  | THS=0.000  |

Phase 7.1 Hold Fix Iter | Checksum: 20d473e7f

Time (s): cpu = 00:01:24 ; elapsed = 00:00:46 . Memory (MB): peak = 3334.887 ; gain = 0.000 ; free physical = 24604 ; free virtual = 52234
Phase 7 Post Hold Fix | Checksum: 20d473e7f

Time (s): cpu = 00:01:24 ; elapsed = 00:00:46 . Memory (MB): peak = 3334.887 ; gain = 0.000 ; free physical = 24604 ; free virtual = 52234

Phase 8 Route finalize

Router Utilization Summary
  Global Vertical Routing Utilization    = 1.8664 %
  Global Horizontal Routing Utilization  = 2.40469 %
  Routable Net Status*
  *Does not include unroutable nets such as driverless and loadless.
  Run report_route_status for detailed report.
  Number of Failed Nets               = 0
    (Failed Nets is the sum of unrouted and partially routed nets)
  Number of Unrouted Nets             = 0
  Number of Partially Routed Nets     = 0
  Number of Node Overlaps             = 0

Phase 8 Route finalize | Checksum: 20d473e7f

Time (s): cpu = 00:01:24 ; elapsed = 00:00:46 . Memory (MB): peak = 3334.887 ; gain = 0.000 ; free physical = 24604 ; free virtual = 52234

Phase 9 Verifying routed nets

 Verification completed successfully
Phase 9 Verifying routed nets | Checksum: 20d473e7f

Time (s): cpu = 00:01:24 ; elapsed = 00:00:46 . Memory (MB): peak = 3334.887 ; gain = 0.000 ; free physical = 24603 ; free virtual = 52233

Phase 10 Depositing Routes
INFO: [Route 35-467] Router swapped GT pin design_1_i/xdma_0/inst/design_1_xdma_0_0_pcie2_to_pcie3_wrapper_i/pcie2_ip_i/inst/inst/gt_top_i/pipe_wrapper_i/pipe_lane[0].pipe_quad.gt_common_enabled.gt_common_int.gt_common_i/qpll_wrapper_i/gtp_common.gtpe2_common_i/GTREFCLK0 to physical pin GTPE2_COMMON_X0Y1/GTREFCLK1
Phase 10 Depositing Routes | Checksum: 1289000eb

Time (s): cpu = 00:01:25 ; elapsed = 00:00:47 . Memory (MB): peak = 3334.887 ; gain = 0.000 ; free physical = 24620 ; free virtual = 52250

Phase 11 Post Process Routing
Phase 11 Post Process Routing | Checksum: 1289000eb

Time (s): cpu = 00:01:26 ; elapsed = 00:00:47 . Memory (MB): peak = 3334.887 ; gain = 0.000 ; free physical = 24620 ; free virtual = 52250

Phase 12 Post Router Timing
INFO: [Route 35-57] Estimated Timing Summary | WNS=0.152  | TNS=0.000  | WHS=0.027  | THS=0.000  |

INFO: [Route 35-327] The final timing numbers are based on the router estimated timing analysis. For a complete and accurate timing signoff, please run report_timing_summary.
Phase 12 Post Router Timing | Checksum: 1289000eb

Time (s): cpu = 00:01:26 ; elapsed = 00:00:47 . Memory (MB): peak = 3334.887 ; gain = 0.000 ; free physical = 24620 ; free virtual = 52250
Total Elapsed time in route_design: 46.88 secs

Phase 13 Post-Route Event Processing
Phase 13 Post-Route Event Processing | Checksum: 1808a4c01

Time (s): cpu = 00:01:26 ; elapsed = 00:00:47 . Memory (MB): peak = 3334.887 ; gain = 0.000 ; free physical = 24620 ; free virtual = 52250
INFO: [Route 35-16] Router Completed Successfully
Ending Routing Task | Checksum: 1808a4c01

Time (s): cpu = 00:01:26 ; elapsed = 00:00:47 . Memory (MB): peak = 3334.887 ; gain = 0.000 ; free physical = 24620 ; free virtual = 52250

Routing Is Done.
INFO: [Common 17-83] Releasing license: Implementation
123 Infos, 3 Warnings, 0 Critical Warnings and 0 Errors encountered.
route_design completed successfully
route_design: Time (s): cpu = 00:01:26 ; elapsed = 00:00:47 . Memory (MB): peak = 3334.887 ; gain = 0.000 ; free physical = 24620 ; free virtual = 52250
INFO: [Vivado 12-24828] Executing command : report_drc -file design_1_wrapper_drc_routed.rpt -pb design_1_wrapper_drc_routed.pb -rpx design_1_wrapper_drc_routed.rpx
Command: report_drc -file design_1_wrapper_drc_routed.rpt -pb design_1_wrapper_drc_routed.pb -rpx design_1_wrapper_drc_routed.rpx
INFO: [IP_Flow 19-1839] IP Catalog is up to date.
INFO: [DRC 23-27] Running DRC with 8 threads
INFO: [Vivado_Tcl 2-168] The results of DRC are in file /home/kokunev/data/git_root/alinx/alinx_pcie_debug/alinx_pcie_axi_1/alinx_pcie_axi_1.runs/impl_1/design_1_wrapper_drc_routed.rpt.
report_drc completed successfully
INFO: [Vivado 12-24828] Executing command : report_methodology -file design_1_wrapper_methodology_drc_routed.rpt -pb design_1_wrapper_methodology_drc_routed.pb -rpx design_1_wrapper_methodology_drc_routed.rpx
Command: report_methodology -file design_1_wrapper_methodology_drc_routed.rpt -pb design_1_wrapper_methodology_drc_routed.pb -rpx design_1_wrapper_methodology_drc_routed.rpx
INFO: [Timing 38-35] Done setting XDC timing constraints.
INFO: [DRC 23-133] Running Methodology with 8 threads
INFO: [Vivado_Tcl 2-1520] The results of Report Methodology are in file /home/kokunev/data/git_root/alinx/alinx_pcie_debug/alinx_pcie_axi_1/alinx_pcie_axi_1.runs/impl_1/design_1_wrapper_methodology_drc_routed.rpt.
report_methodology completed successfully
INFO: [Vivado 12-24828] Executing command : report_timing_summary -max_paths 10 -routable_nets -report_unconstrained -file design_1_wrapper_timing_summary_routed.rpt -pb design_1_wrapper_timing_summary_routed.pb -rpx design_1_wrapper_timing_summary_routed.rpx -warn_on_violation 
INFO: [Timing 38-35] Done setting XDC timing constraints.
INFO: [Timing 38-91] UpdateTimingParams: Speed grade: -2, Delay Type: min_max.
INFO: [Timing 38-191] Multithreading enabled for timing update using a maximum of 8 CPUs
WARNING: [Timing 38-436] There are set_bus_skew constraint(s) in this design. Please run report_bus_skew to ensure that bus skew requirements are met.
INFO: [Vivado 12-24838] Running report commands "report_bus_skew, report_incremental_reuse, report_route_status" in parallel.
Running report generation with 3 threads.
INFO: [Vivado 12-24828] Executing command : report_incremental_reuse -file design_1_wrapper_incremental_reuse_routed.rpt
INFO: [Vivado_Tcl 4-1062] Incremental flow is disabled. No incremental reuse Info to report.
INFO: [Vivado 12-24828] Executing command : report_bus_skew -warn_on_violation -file design_1_wrapper_bus_skew_routed.rpt -pb design_1_wrapper_bus_skew_routed.pb -rpx design_1_wrapper_bus_skew_routed.rpx
INFO: [Timing 38-91] UpdateTimingParams: Speed grade: -2, Delay Type: min_max.
INFO: [Timing 38-191] Multithreading enabled for timing update using a maximum of 8 CPUs
INFO: [Vivado 12-24828] Executing command : report_route_status -file design_1_wrapper_route_status.rpt -pb design_1_wrapper_route_status.pb
INFO: [Vivado 12-24828] Executing command : report_power -file design_1_wrapper_power_routed.rpt -pb design_1_wrapper_power_summary_routed.pb -rpx design_1_wrapper_power_routed.rpx
Command: report_power -file design_1_wrapper_power_routed.rpt -pb design_1_wrapper_power_summary_routed.pb -rpx design_1_wrapper_power_routed.rpx
Running Vector-less Activity Propagation...

Finished Running Vector-less Activity Propagation
WARNING: [Power 33-332] Found switching activity that implies high-fanout reset nets being asserted for excessive periods of time which may result in inaccurate power analysis.
Resolution: To review and fix problems, please run Power Constraints Advisor in the GUI from Tools > Power Constraints Advisor or run report_power with the -advisory option to generate a text report.
143 Infos, 5 Warnings, 0 Critical Warnings and 0 Errors encountered.
report_power completed successfully
INFO: [Vivado 12-24828] Executing command : report_clock_utilization -file design_1_wrapper_clock_utilization_routed.rpt
generate_parallel_reports: Time (s): cpu = 00:00:29 ; elapsed = 00:00:09 . Memory (MB): peak = 3341.234 ; gain = 6.348 ; free physical = 24689 ; free virtual = 52329
INFO: [Timing 38-480] Writing timing data to binary archive.
Wrote PlaceDB: Time (s): cpu = 00:00:00 ; elapsed = 00:00:00 . Memory (MB): peak = 3341.234 ; gain = 0.000 ; free physical = 24689 ; free virtual = 52329
Wrote PulsedLatchDB: Time (s): cpu = 00:00:00 ; elapsed = 00:00:00 . Memory (MB): peak = 3341.234 ; gain = 0.000 ; free physical = 24689 ; free virtual = 52329
Writing XDEF routing.
Writing XDEF routing logical nets.
Write ShapeDB Complete: Time (s): cpu = 00:00:00.19 ; elapsed = 00:00:00.04 . Memory (MB): peak = 3341.234 ; gain = 0.000 ; free physical = 24689 ; free virtual = 52334
Writing XDEF routing special nets.
Wrote RouteStorage: Time (s): cpu = 00:00:00.62 ; elapsed = 00:00:00.13 . Memory (MB): peak = 3341.234 ; gain = 0.000 ; free physical = 24691 ; free virtual = 52343
Wrote PlaceStorage: Time (s): cpu = 00:00:01 ; elapsed = 00:00:00.53 . Memory (MB): peak = 3341.234 ; gain = 0.000 ; free physical = 24682 ; free virtual = 52352
Wrote Netlist Cache: Time (s): cpu = 00:00:00.02 ; elapsed = 00:00:00.02 . Memory (MB): peak = 3341.234 ; gain = 0.000 ; free physical = 24675 ; free virtual = 52346
Wrote Device Cache: Time (s): cpu = 00:00:00.01 ; elapsed = 00:00:00.01 . Memory (MB): peak = 3341.234 ; gain = 0.000 ; free physical = 24675 ; free virtual = 52347
Write Physdb Complete: Time (s): cpu = 00:00:02 ; elapsed = 00:00:00.69 . Memory (MB): peak = 3341.234 ; gain = 0.000 ; free physical = 24675 ; free virtual = 52347
INFO: [Common 17-1381] The checkpoint '/home/kokunev/data/git_root/alinx/alinx_pcie_debug/alinx_pcie_axi_1/alinx_pcie_axi_1.runs/impl_1/design_1_wrapper_routed.dcp' has been generated.
INFO: [Memdata 28-208] The XPM instance: <design_1_i/xdma_0/inst/ram_top/mas_bridge_ram_write_512.MASTER_WRITE_FIFO/xpm_memory_sdpram_inst_loop[0].xpm_memory_sdpram_inst/xpm_memory_base_inst> is part of IP: <design_1_i/xdma_0>. This XPM instance will be excluded from the .mmi because updatemem is prohibited from making changes to an XPM that is part of an IP.
INFO: [Memdata 28-208] The XPM instance: <design_1_i/xdma_0/inst/ram_top/gen_c2h_bram.C2H_DAT0_FIFO/xpm_memory_sdpram_inst_loop[1].xpm_memory_sdpram_inst/xpm_memory_base_inst> is part of IP: <design_1_i/xdma_0>. This XPM instance will be excluded from the .mmi because updatemem is prohibited from making changes to an XPM that is part of an IP.
INFO: [Memdata 28-208] The XPM instance: <design_1_i/xdma_0/inst/ram_top/gen_c2h_bram.C2H_DAT0_FIFO/xpm_memory_sdpram_inst_loop[0].xpm_memory_sdpram_inst/xpm_memory_base_inst> is part of IP: <design_1_i/xdma_0>. This XPM instance will be excluded from the .mmi because updatemem is prohibited from making changes to an XPM that is part of an IP.
INFO: [Memdata 28-208] The XPM instance: <design_1_i/xdma_0/inst/ram_top/MASTER_READ_BRAM/xpm_memory_sdpram_inst_loop[0].xpm_memory_sdpram_inst/xpm_memory_base_inst> is part of IP: <design_1_i/xdma_0>. This XPM instance will be excluded from the .mmi because updatemem is prohibited from making changes to an XPM that is part of an IP.
Command: write_bitstream -force design_1_wrapper.bit -bin_file
Attempting to get a license for feature 'Implementation' and/or device 'xc7a200t'
INFO: [Common 17-349] Got license for feature 'Implementation' and/or device 'xc7a200t'
Running DRC as a precondition to command write_bitstream
INFO: [IP_Flow 19-1839] IP Catalog is up to date.
INFO: [DRC 23-27] Running DRC with 8 threads
INFO: [Vivado 12-3199] DRC finished with 0 Errors
INFO: [Vivado 12-3200] Please refer to the DRC report (report_drc) for more information.
Integrating Hard IP ELF/MEM with the PDI.
INFO: [Designutils 20-2272] Running write_bitstream with 8 threads.
Loading data files...
Loading site data...
Loading route data...
Processing options...
Creating bitmap...
Creating bitstream...
Bitstream compression saved 59085664 bits.
Writing bitstream ./design_1_wrapper.bit...
Writing bitstream ./design_1_wrapper.bin...
INFO: [Vivado 12-1842] Bitgen Completed Successfully.
INFO: [Common 17-83] Releasing license: Implementation
158 Infos, 5 Warnings, 0 Critical Warnings and 0 Errors encountered.
write_bitstream completed successfully
write_bitstream: Time (s): cpu = 00:00:24 ; elapsed = 00:00:20 . Memory (MB): peak = 3713.871 ; gain = 372.637 ; free physical = 24412 ; free virtual = 52068
INFO: [Common 17-206] Exiting Vivado at Thu Aug 13 12:00:28 2026...
